c:\users\jadob\onedrive\documents\wavemetrics\xop toolkit 8\igorxops8\twophotonxop\vc\x64\debug\vc145.pdb
c:\users\jadob\onedrive\documents\wavemetrics\xop toolkit 8\igorxops8\twophotonxop\vc\x64\debug\filter.sbr
c:\users\jadob\onedrive\documents\wavemetrics\xop toolkit 8\igorxops8\twophotonxop\vc\x64\debug\kalman.sbr
c:\users\jadob\onedrive\documents\wavemetrics\xop toolkit 8\igorxops8\twophotonxop\vc\x64\debug\lsmutilties.sbr
c:\users\jadob\onedrive\documents\wavemetrics\xop toolkit 8\igorxops8\twophotonxop\vc\x64\debug\parsewavepath.sbr
c:\users\jadob\onedrive\documents\wavemetrics\xop toolkit 8\igorxops8\twophotonxop\vc\x64\debug\projectimage.sbr
c:\users\jadob\onedrive\documents\wavemetrics\xop toolkit 8\igorxops8\twophotonxop\vc\x64\debug\twophoton.sbr
c:\users\jadob\onedrive\documents\wavemetrics\xop toolkit 8\igorxops8\twophotonxop\vc\x64\debug\twophoton.obj
c:\users\jadob\onedrive\documents\wavemetrics\xop toolkit 8\igorxops8\twophotonxop\vc\x64\debug\projectimage.obj
c:\users\jadob\onedrive\documents\wavemetrics\xop toolkit 8\igorxops8\twophotonxop\vc\x64\debug\parsewavepath.obj
c:\users\jadob\onedrive\documents\wavemetrics\xop toolkit 8\igorxops8\twophotonxop\vc\x64\debug\lsmutilties.obj
c:\users\jadob\onedrive\documents\wavemetrics\xop toolkit 8\igorxops8\twophotonxop\vc\x64\debug\kalman.obj
c:\users\jadob\onedrive\documents\wavemetrics\xop toolkit 8\igorxops8\twophotonxop\vc\x64\debug\filter.obj
c:\users\jadob\onedrive\documents\wavemetrics\xop toolkit 8\igorxops8\twophotonxop\vc\x64\debug\twophoton.res
c:\users\jadob\onedrive\documents\wavemetrics\xop toolkit 8\igorxops8\twophotonxop\vc\x64\debug\twophoton64.exp
c:\users\jadob\onedrive\documents\wavemetrics\xop toolkit 8\igorxops8\twophotonxop\vc\twophoton64.xop
c:\users\jadob\onedrive\documents\wavemetrics\xop toolkit 8\igorxops8\twophotonxop\vc\x64\debug\twophoton.tlog\cl.command.1.tlog
c:\users\jadob\onedrive\documents\wavemetrics\xop toolkit 8\igorxops8\twophotonxop\vc\x64\debug\twophoton.tlog\cl.read.1.tlog
c:\users\jadob\onedrive\documents\wavemetrics\xop toolkit 8\igorxops8\twophotonxop\vc\x64\debug\twophoton.tlog\cl.write.1.tlog
c:\users\jadob\onedrive\documents\wavemetrics\xop toolkit 8\igorxops8\twophotonxop\vc\x64\debug\twophoton.tlog\link.6004.read.1.tlog
c:\users\jadob\onedrive\documents\wavemetrics\xop toolkit 8\igorxops8\twophotonxop\vc\x64\debug\twophoton.tlog\link.6004.write.1.tlog
c:\users\jadob\onedrive\documents\wavemetrics\xop toolkit 8\igorxops8\twophotonxop\vc\x64\debug\twophoton.tlog\link.7904.read.1.tlog
c:\users\jadob\onedrive\documents\wavemetrics\xop toolkit 8\igorxops8\twophotonxop\vc\x64\debug\twophoton.tlog\link.7904.write.1.tlog
c:\users\jadob\onedrive\documents\wavemetrics\xop toolkit 8\igorxops8\twophotonxop\vc\x64\debug\twophoton.tlog\link.8004.read.1.tlog
c:\users\jadob\onedrive\documents\wavemetrics\xop toolkit 8\igorxops8\twophotonxop\vc\x64\debug\twophoton.tlog\link.8004.write.1.tlog
c:\users\jadob\onedrive\documents\wavemetrics\xop toolkit 8\igorxops8\twophotonxop\vc\x64\debug\twophoton.tlog\link.command.1.tlog
c:\users\jadob\onedrive\documents\wavemetrics\xop toolkit 8\igorxops8\twophotonxop\vc\x64\debug\twophoton.tlog\link.read.1.tlog
c:\users\jadob\onedrive\documents\wavemetrics\xop toolkit 8\igorxops8\twophotonxop\vc\x64\debug\twophoton.tlog\link.read.2.tlog
c:\users\jadob\onedrive\documents\wavemetrics\xop toolkit 8\igorxops8\twophotonxop\vc\x64\debug\twophoton.tlog\link.write.1.tlog
c:\users\jadob\onedrive\documents\wavemetrics\xop toolkit 8\igorxops8\twophotonxop\vc\x64\debug\twophoton.tlog\rc.command.1.tlog
c:\users\jadob\onedrive\documents\wavemetrics\xop toolkit 8\igorxops8\twophotonxop\vc\x64\debug\twophoton.tlog\rc.read.1.tlog
c:\users\jadob\onedrive\documents\wavemetrics\xop toolkit 8\igorxops8\twophotonxop\vc\x64\debug\twophoton.tlog\rc.write.1.tlog
