  pthread_static_lib_x64.lib(create.obj) : MSIL .netmodule or module compiled with /GL found; restarting link with /LTCG; add /LTCG to the link command line to improve linker performance
     Creating library x64\Debug\twoPhoton64.lib and object x64\Debug\twoPhoton64.exp
XOPSupport64.lib(XOPNumericConversion.obj) : error LNK2001: unresolved external symbol memcpy
Filter.obj : error LNK2001: unresolved external symbol memcpy
LSMUtilties.obj : error LNK2001: unresolved external symbol memcpy
ParseWavePath.obj : error LNK2001: unresolved external symbol memcpy
XOPSupport64.lib(XOPSupport.obj) : error LNK2001: unresolved external symbol memcpy
Filter.obj : error LNK2001: unresolved external symbol _CxxThrowException
Kalman.obj : error LNK2001: unresolved external symbol _CxxThrowException
LSMUtilties.obj : error LNK2001: unresolved external symbol _CxxThrowException
ProjectImage.obj : error LNK2001: unresolved external symbol _CxxThrowException
ProjectImage.obj : error LNK2001: unresolved external symbol _RTC_CheckStackVars
twoPhoton.obj : error LNK2001: unresolved external symbol _RTC_CheckStackVars
Filter.obj : error LNK2001: unresolved external symbol _RTC_CheckStackVars
Kalman.obj : error LNK2001: unresolved external symbol _RTC_CheckStackVars
LSMUtilties.obj : error LNK2001: unresolved external symbol _RTC_CheckStackVars
ParseWavePath.obj : error LNK2001: unresolved external symbol _RTC_CheckStackVars
ProjectImage.obj : error LNK2001: unresolved external symbol _RTC_InitBase
twoPhoton.obj : error LNK2001: unresolved external symbol _RTC_InitBase
Filter.obj : error LNK2001: unresolved external symbol _RTC_InitBase
Kalman.obj : error LNK2001: unresolved external symbol _RTC_InitBase
LSMUtilties.obj : error LNK2001: unresolved external symbol _RTC_InitBase
ParseWavePath.obj : error LNK2001: unresolved external symbol _RTC_InitBase
ProjectImage.obj : error LNK2001: unresolved external symbol _RTC_Shutdown
twoPhoton.obj : error LNK2001: unresolved external symbol _RTC_Shutdown
Filter.obj : error LNK2001: unresolved external symbol _RTC_Shutdown
Kalman.obj : error LNK2001: unresolved external symbol _RTC_Shutdown
LSMUtilties.obj : error LNK2001: unresolved external symbol _RTC_Shutdown
ParseWavePath.obj : error LNK2001: unresolved external symbol _RTC_Shutdown
Filter.obj : error LNK2001: unresolved external symbol _RTC_UninitUse
Kalman.obj : error LNK2001: unresolved external symbol _RTC_UninitUse
ProjectImage.obj : error LNK2001: unresolved external symbol _RTC_UninitUse
Filter.obj : error LNK2001: unresolved external symbol __GSHandlerCheck_EH4
Kalman.obj : error LNK2001: unresolved external symbol __GSHandlerCheck_EH4
LSMUtilties.obj : error LNK2001: unresolved external symbol __GSHandlerCheck_EH4
ProjectImage.obj : error LNK2001: unresolved external symbol __GSHandlerCheck_EH4
XOPSupport64.lib(XOPFilesWin.obj) : error LNK2001: unresolved external symbol __chkstk
Filter.obj : error LNK2001: unresolved external symbol __chkstk
Kalman.obj : error LNK2001: unresolved external symbol __chkstk
ProjectImage.obj : error LNK2001: unresolved external symbol __chkstk
XOPSupport64.lib(XOPDialogsWin.obj) : error LNK2001: unresolved external symbol __chkstk
XOPSupport64.lib(XOPDialogsWin.obj) : error LNK2001: unresolved external symbol __security_check_cookie
XOPSupport64.lib(XOPFiles.obj) : error LNK2001: unresolved external symbol __security_check_cookie
XOPSupport64.lib(XOPFilesWin.obj) : error LNK2001: unresolved external symbol __security_check_cookie
ProjectImage.obj : error LNK2001: unresolved external symbol __security_check_cookie
pthread_static_lib_x64.lib(create.obj) : error LNK2001: unresolved external symbol __security_check_cookie
XOPSupport64.lib(XOPSupport.obj) : error LNK2001: unresolved external symbol __security_check_cookie
XOPSupport64.lib(XOPWaveAccess.obj) : error LNK2001: unresolved external symbol __security_check_cookie
Filter.obj : error LNK2001: unresolved external symbol __security_check_cookie
Kalman.obj : error LNK2001: unresolved external symbol __security_check_cookie
LSMUtilties.obj : error LNK2001: unresolved external symbol __security_check_cookie
ParseWavePath.obj : error LNK2001: unresolved external symbol __security_check_cookie
Filter.obj : error LNK2001: unresolved external symbol "const type_info::`vftable'" (??_7type_info@@6B@)
Kalman.obj : error LNK2001: unresolved external symbol "const type_info::`vftable'" (??_7type_info@@6B@)
LSMUtilties.obj : error LNK2001: unresolved external symbol "const type_info::`vftable'" (??_7type_info@@6B@)
ProjectImage.obj : error LNK2001: unresolved external symbol "const type_info::`vftable'" (??_7type_info@@6B@)
XOPSupport64.lib(XOPFiles.obj) : error LNK2001: unresolved external symbol __security_cookie
XOPSupport64.lib(XOPFilesWin.obj) : error LNK2001: unresolved external symbol __security_cookie
ProjectImage.obj : error LNK2001: unresolved external symbol __security_cookie
XOPSupport64.lib(XOPSupport.obj) : error LNK2001: unresolved external symbol __security_cookie
XOPSupport64.lib(XOPWaveAccess.obj) : error LNK2001: unresolved external symbol __security_cookie
XOPSupport64.lib(XOPDialogsWin.obj) : error LNK2001: unresolved external symbol __security_cookie
Filter.obj : error LNK2001: unresolved external symbol __security_cookie
Kalman.obj : error LNK2001: unresolved external symbol __security_cookie
LSMUtilties.obj : error LNK2001: unresolved external symbol __security_cookie
ParseWavePath.obj : error LNK2001: unresolved external symbol __security_cookie
XOPSupport64.lib(XOPSupport.obj) : error LNK2001: unresolved external symbol _fltused
XOPSupport64.lib(XOPWaveAccess.obj) : error LNK2001: unresolved external symbol _fltused
XOPSupport64.lib(XOPNumericConversion.obj) : error LNK2001: unresolved external symbol _fltused
XOPSupport64.lib(XOPFiles.obj) : error LNK2001: unresolved external symbol _fltused
Filter.obj : error LNK2001: unresolved external symbol _fltused
Kalman.obj : error LNK2001: unresolved external symbol _fltused
LSMUtilties.obj : error LNK2001: unresolved external symbol _fltused
ProjectImage.obj : error LNK2001: unresolved external symbol _fltused
LSMUtilties.obj : error LNK2001: unresolved external symbol pow
LSMUtilties.obj : error LNK2001: unresolved external symbol __CxxFrameHandler4
ParseWavePath.obj : error LNK2001: unresolved external symbol __report_rangecheckfailure
XOPSupport64.lib(XOPSupport.obj) : error LNK2001: unresolved external symbol __report_rangecheckfailure
ParseWavePath.obj : error LNK2001: unresolved external symbol strlen
XOPSupport64.lib(XOPFiles.obj) : error LNK2001: unresolved external symbol __GSHandlerCheck
XOPSupport64.lib(XOPFilesWin.obj) : error LNK2001: unresolved external symbol __GSHandlerCheck
ParseWavePath.obj : error LNK2001: unresolved external symbol __GSHandlerCheck
XOPSupport64.lib(XOPSupport.obj) : error LNK2001: unresolved external symbol __GSHandlerCheck
XOPSupport64.lib(XOPWaveAccess.obj) : error LNK2001: unresolved external symbol __GSHandlerCheck
XOPSupport64.lib(XOPDialogsWin.obj) : error LNK2001: unresolved external symbol __GSHandlerCheck
LINK : error LNK2001: unresolved external symbol _DllMainCRTStartup
pthread_static_lib_x64.lib(create.obj) : error LNK2001: unresolved external symbol __imp__beginthreadex
pthread_static_lib_x64.lib(create.obj) : error LNK2001: unresolved external symbol __imp_free
pthread_static_lib_x64.lib(create.obj) : error LNK2001: unresolved external symbol __imp_malloc
pthread_static_lib_x64.lib(sched_setaffinity.obj) : error LNK2001: unresolved external symbol __imp__set_errno
pthread_static_lib_x64.lib(ptw32_threadStart.obj) : error LNK2001: unresolved external symbol __C_specific_handler
pthread_static_lib_x64.lib(ptw32_threadStart.obj) : error LNK2001: unresolved external symbol __imp__endthreadex
pthread_static_lib_x64.lib(dll.obj) : error LNK2001: unresolved external symbol __imp_abort
pthread_static_lib_x64.lib(ptw32_new.obj) : error LNK2001: unresolved external symbol __imp_calloc
pthread_static_lib_x64.lib(pthread_win32_attach_detach_np.obj) : error LNK2001: unresolved external symbol __imp_wcsncat_s
pthread_static_lib_x64.lib(ptw32_throw.obj) : error LNK2001: unresolved external symbol __imp_exit
XOPSupport64.lib(XOPSupport.obj) : error LNK2001: unresolved external symbol isalpha
XOPSupport64.lib(XOPSupport.obj) : error LNK2001: unresolved external symbol isalnum
XOPSupport64.lib(XOPSupport.obj) : error LNK2001: unresolved external symbol memmove
XOPSupport64.lib(XOPSupport.obj) : error LNK2001: unresolved external symbol strncpy
XOPSupport64.lib(XOPSupport.obj) : error LNK2001: unresolved external symbol __stdio_common_vsprintf
XOPSupport64.lib(XOPFiles.obj) : error LNK2001: unresolved external symbol __stdio_common_vsprintf
XOPSupport64.lib(XOPSupport.obj) : error LNK2001: unresolved external symbol memset
XOPSupport64.lib(XOPNumericConversion.obj) : error LNK2001: unresolved external symbol ceil
XOPSupport64.lib(XOPNumericConversion.obj) : error LNK2001: unresolved external symbol floor
XOPSupport64.lib(XOPFiles.obj) : error LNK2001: unresolved external symbol strchr
XOPSupport64.lib(XOPFiles.obj) : error LNK2001: unresolved external symbol clearerr
XOPSupport64.lib(XOPFiles.obj) : error LNK2001: unresolved external symbol fclose
XOPSupport64.lib(XOPFiles.obj) : error LNK2001: unresolved external symbol feof
XOPSupport64.lib(XOPFiles.obj) : error LNK2001: unresolved external symbol ferror
XOPSupport64.lib(XOPFiles.obj) : error LNK2001: unresolved external symbol fgetpos
XOPSupport64.lib(XOPFiles.obj) : error LNK2001: unresolved external symbol _fileno
XOPSupport64.lib(XOPFiles.obj) : error LNK2001: unresolved external symbol fread
XOPSupport64.lib(XOPFiles.obj) : error LNK2001: unresolved external symbol fsetpos
XOPSupport64.lib(XOPFiles.obj) : error LNK2001: unresolved external symbol fseek
XOPSupport64.lib(XOPFiles.obj) : error LNK2001: unresolved external symbol ftell
XOPSupport64.lib(XOPFiles.obj) : error LNK2001: unresolved external symbol fwrite
XOPSupport64.lib(XOPFiles.obj) : error LNK2001: unresolved external symbol _filelengthi64
XOPSupport64.lib(XOPFilesWin.obj) : error LNK2001: unresolved external symbol _wfopen
XOPSupport64.lib(XOPFilesWin.obj) : error LNK2001: unresolved external symbol fopen
twoPhoton64.xop : fatal error LNK1120: 51 unresolved externals
